// Jest Snapshot v1, https://goo.gl/fbAQLP

exports[`zeebeMessage unmap 1`] = `
Object {
  "bpmnProcessId": "test-process",
  "customHeaders": Object {
    "jwt": "jwt fake",
  },
  "deadline": "1562269537659",
  "elementId": "ServiceTask_0xdwuw7",
  "elementInstanceKey": "38963",
  "key": "38968",
  "retries": 1,
  "type": "topic_demo",
  "variables": Object {
    "hello": "world",
  },
  "worker": "demo",
  "workflowDefinitionVersion": 4,
  "workflowInstanceKey": "38963",
  "workflowKey": "8806",
}
`;
