// Jest Snapshot v1, https://goo.gl/fbAQLP

exports[`Zeebe Worker should generate an exception for cancelWorkflowInstance when key is malformed 1`] = `
[Error: 
      workflowInstanceKey value is malformed
      ]
`;

exports[`Zeebe Worker should get MESSAGE_EVENT workflow 1`] = `
Object {
  "bpmnProcessId": "MESSAGE_EVENT",
  "bpmnXml": "<?xml version=\\"1.0\\" encoding=\\"UTF-8\\"?>
<bpmn:definitions xmlns:bpmn=\\"http://www.omg.org/spec/BPMN/20100524/MODEL\\" xmlns:bpmndi=\\"http://www.omg.org/spec/BPMN/20100524/DI\\" xmlns:dc=\\"http://www.omg.org/spec/DD/20100524/DC\\" xmlns:zeebe=\\"http://camunda.org/schema/zeebe/1.0\\" xmlns:di=\\"http://www.omg.org/spec/DD/20100524/DI\\" id=\\"Definitions_00osekx\\" targetNamespace=\\"http://bpmn.io/schema/bpmn\\" exporter=\\"Zeebe Modeler\\" exporterVersion=\\"0.6.2\\">
  <bpmn:process id=\\"MESSAGE_EVENT\\" name=\\"MESSAGE EVENT\\" isExecutable=\\"true\\">
    <bpmn:startEvent id=\\"StartEvent_1\\" name=\\"start event\\">
      <bpmn:outgoing>SequenceFlow_1k0o5cy</bpmn:outgoing>
      <bpmn:messageEventDefinition messageRef=\\"Message_1l6q1nh\\" />
    </bpmn:startEvent>
    <bpmn:serviceTask id=\\"hello\\" name=\\"Hello\\">
      <bpmn:extensionElements>
        <zeebe:taskDefinition type=\\"topic_demo\\" retries=\\"5\\" />
      </bpmn:extensionElements>
      <bpmn:incoming>SequenceFlow_1k0o5cy</bpmn:incoming>
      <bpmn:outgoing>SequenceFlow_094m070</bpmn:outgoing>
    </bpmn:serviceTask>
    <bpmn:sequenceFlow id=\\"SequenceFlow_1k0o5cy\\" sourceRef=\\"StartEvent_1\\" targetRef=\\"hello\\" />
    <bpmn:boundaryEvent id=\\"BoundaryEvent_184rsr7\\" name=\\"catching\\" attachedToRef=\\"hello\\">
      <bpmn:outgoing>SequenceFlow_0umkghz</bpmn:outgoing>
      <bpmn:messageEventDefinition messageRef=\\"Message_1oxctc1\\" />
    </bpmn:boundaryEvent>
    <bpmn:serviceTask id=\\"ServiceTask_1vxgnug\\" name=\\"World\\">
      <bpmn:extensionElements>
        <zeebe:taskDefinition type=\\"topic_demo\\" retries=\\"1\\" />
      </bpmn:extensionElements>
      <bpmn:incoming>SequenceFlow_0umkghz</bpmn:incoming>
      <bpmn:outgoing>SequenceFlow_1w1cqrc</bpmn:outgoing>
    </bpmn:serviceTask>
    <bpmn:sequenceFlow id=\\"SequenceFlow_0umkghz\\" sourceRef=\\"BoundaryEvent_184rsr7\\" targetRef=\\"ServiceTask_1vxgnug\\" />
    <bpmn:endEvent id=\\"EndEvent_021uygl\\">
      <bpmn:incoming>SequenceFlow_094m070</bpmn:incoming>
    </bpmn:endEvent>
    <bpmn:sequenceFlow id=\\"SequenceFlow_094m070\\" sourceRef=\\"hello\\" targetRef=\\"EndEvent_021uygl\\" />
    <bpmn:endEvent id=\\"EndEvent_1o5r87f\\">
      <bpmn:incoming>SequenceFlow_1w1cqrc</bpmn:incoming>
    </bpmn:endEvent>
    <bpmn:sequenceFlow id=\\"SequenceFlow_1w1cqrc\\" sourceRef=\\"ServiceTask_1vxgnug\\" targetRef=\\"EndEvent_1o5r87f\\" />
  </bpmn:process>
  <bpmn:message id=\\"Message_1oxctc1\\" name=\\"catching\\">
    <bpmn:extensionElements>
      <zeebe:subscription correlationKey=\\"amount\\" />
    </bpmn:extensionElements>
  </bpmn:message>
  <bpmn:message id=\\"Message_1l6q1nh\\" name=\\"_MESSAGE_START_EVENT_\\" />
  <bpmndi:BPMNDiagram id=\\"BPMNDiagram_1\\">
    <bpmndi:BPMNPlane id=\\"BPMNPlane_1\\" bpmnElement=\\"MESSAGE_EVENT\\">
      <bpmndi:BPMNShape id=\\"StartEvent_0ibdhxr_di\\" bpmnElement=\\"StartEvent_1\\">
        <dc:Bounds x=\\"179\\" y=\\"103\\" width=\\"36\\" height=\\"36\\" />
        <bpmndi:BPMNLabel>
          <dc:Bounds x=\\"171\\" y=\\"146\\" width=\\"52\\" height=\\"14\\" />
        </bpmndi:BPMNLabel>
      </bpmndi:BPMNShape>
      <bpmndi:BPMNShape id=\\"ServiceTask_14pv7xx_di\\" bpmnElement=\\"hello\\">
        <dc:Bounds x=\\"265\\" y=\\"81\\" width=\\"100\\" height=\\"80\\" />
      </bpmndi:BPMNShape>
      <bpmndi:BPMNEdge id=\\"SequenceFlow_1k0o5cy_di\\" bpmnElement=\\"SequenceFlow_1k0o5cy\\">
        <di:waypoint x=\\"215\\" y=\\"121\\" />
        <di:waypoint x=\\"265\\" y=\\"121\\" />
      </bpmndi:BPMNEdge>
      <bpmndi:BPMNShape id=\\"BoundaryEvent_184rsr7_di\\" bpmnElement=\\"BoundaryEvent_184rsr7\\">
        <dc:Bounds x=\\"347\\" y=\\"143\\" width=\\"36\\" height=\\"36\\" />
        <bpmndi:BPMNLabel>
          <dc:Bounds x=\\"347\\" y=\\"183\\" width=\\"41\\" height=\\"14\\" />
        </bpmndi:BPMNLabel>
      </bpmndi:BPMNShape>
      <bpmndi:BPMNShape id=\\"ServiceTask_1vxgnug_di\\" bpmnElement=\\"ServiceTask_1vxgnug\\">
        <dc:Bounds x=\\"433\\" y=\\"201\\" width=\\"100\\" height=\\"80\\" />
      </bpmndi:BPMNShape>
      <bpmndi:BPMNEdge id=\\"SequenceFlow_0umkghz_di\\" bpmnElement=\\"SequenceFlow_0umkghz\\">
        <di:waypoint x=\\"365\\" y=\\"179\\" />
        <di:waypoint x=\\"365\\" y=\\"241\\" />
        <di:waypoint x=\\"433\\" y=\\"241\\" />
      </bpmndi:BPMNEdge>
      <bpmndi:BPMNShape id=\\"EndEvent_021uygl_di\\" bpmnElement=\\"EndEvent_021uygl\\">
        <dc:Bounds x=\\"415\\" y=\\"103\\" width=\\"36\\" height=\\"36\\" />
      </bpmndi:BPMNShape>
      <bpmndi:BPMNEdge id=\\"SequenceFlow_094m070_di\\" bpmnElement=\\"SequenceFlow_094m070\\">
        <di:waypoint x=\\"365\\" y=\\"121\\" />
        <di:waypoint x=\\"415\\" y=\\"121\\" />
      </bpmndi:BPMNEdge>
      <bpmndi:BPMNShape id=\\"EndEvent_1o5r87f_di\\" bpmnElement=\\"EndEvent_1o5r87f\\">
        <dc:Bounds x=\\"583\\" y=\\"223\\" width=\\"36\\" height=\\"36\\" />
      </bpmndi:BPMNShape>
      <bpmndi:BPMNEdge id=\\"SequenceFlow_1w1cqrc_di\\" bpmnElement=\\"SequenceFlow_1w1cqrc\\">
        <di:waypoint x=\\"533\\" y=\\"241\\" />
        <di:waypoint x=\\"583\\" y=\\"241\\" />
      </bpmndi:BPMNEdge>
    </bpmndi:BPMNPlane>
  </bpmndi:BPMNDiagram>
</bpmn:definitions>
",
  "resourceName": "MESSAGE_EVENT.bpmn",
  "version": 1,
  "workflowKey": "2251799813685250",
}
`;

exports[`Zeebe Worker should get workflows 1`] = `
Object {
  "items": Array [
    Object {
      "bpmnProcessId": "MESSAGE_EVENT",
      "resourceName": "MESSAGE_EVENT.bpmn",
      "version": 1,
      "workflowKey": "2251799813685250",
    },
  ],
  "paging": Object {
    "from": 0,
    "size": 500,
    "totalCount": 1,
  },
}
`;

exports[`Zeebe Worker should limit the number of document 1`] = `
Object {
  "items": Array [
    Object {
      "bpmnProcessId": "test-process",
      "resourceName": "test.bpmn",
      "version": 2,
      "workflowKey": "2251799813709933",
    },
    Object {
      "bpmnProcessId": "test-process",
      "resourceName": "test.bpmn",
      "version": 3,
      "workflowKey": "2251799813719839",
    },
    Object {
      "bpmnProcessId": "test-process",
      "resourceName": "test.bpmn",
      "version": 11,
      "workflowKey": "2251799813720710",
    },
    Object {
      "bpmnProcessId": "test-process",
      "resourceName": "test.bpmn",
      "version": 10,
      "workflowKey": "2251799813720691",
    },
    Object {
      "bpmnProcessId": "test-process",
      "resourceName": "test.bpmn",
      "version": 14,
      "workflowKey": "2251799813720733",
    },
  ],
  "paging": Object {
    "from": 0,
    "size": 5,
    "totalCount": 15,
  },
}
`;

exports[`Zeebe Worker should limit the number of document and search by bpmnProcessId 1`] = `
Object {
  "items": Array [
    Object {
      "bpmnProcessId": "MESSAGE_EVENT",
      "resourceName": "MESSAGE_EVENT.bpmn",
      "version": 1,
      "workflowKey": "2251799813685250",
    },
  ],
  "paging": Object {
    "from": 0,
    "size": 5,
    "totalCount": 1,
  },
}
`;

exports[`Zeebe Worker should limit the number of document and skip one document 1`] = `
Object {
  "items": Array [
    Object {
      "bpmnProcessId": "test-process",
      "resourceName": "test.bpmn",
      "version": 3,
      "workflowKey": "2251799813719839",
    },
    Object {
      "bpmnProcessId": "test-process",
      "resourceName": "test.bpmn",
      "version": 11,
      "workflowKey": "2251799813720710",
    },
    Object {
      "bpmnProcessId": "test-process",
      "resourceName": "test.bpmn",
      "version": 10,
      "workflowKey": "2251799813720691",
    },
    Object {
      "bpmnProcessId": "test-process",
      "resourceName": "test.bpmn",
      "version": 14,
      "workflowKey": "2251799813720733",
    },
  ],
  "paging": Object {
    "from": 1,
    "size": 4,
    "totalCount": 15,
  },
}
`;
